========2026. 02. 03. (화) 16:54:01 KST========
[디스크]
/dev/sr0        157M  157M     0 100% /media/user1/CDROM
[메모리]
Mem:           3.8Gi       1.1Gi       500Mi        36Mi       2.1Gi       2.4Gi

========2026. 02. 03. (화) 16:55:01 KST========
[디스크]
/dev/sr0        157M  157M     0 100% /media/user1/CDROM
[메모리]
Mem:           3.8Gi       1.1Gi       499Mi        35Mi       2.1Gi       2.4Gi

========2026. 02. 03. (화) 16:56:01 KST========
[디스크]
/dev/sr0        157M  157M     0 100% /media/user1/CDROM
[메모리]
Mem:           3.8Gi       1.1Gi       500Mi        35Mi       2.1Gi       2.4Gi

========2026. 02. 03. (화) 16:57:02 KST========
[디스크]
/dev/sr0        157M  157M     0 100% /media/user1/CDROM
[메모리]
Mem:           3.8Gi       1.2Gi       489Mi        35Mi       2.1Gi       2.3Gi

========2026. 02. 03. (화) 16:58:01 KST========
[디스크]
/dev/sr0        157M  157M     0 100% /media/user1/CDROM
[메모리]
Mem:           3.8Gi       1.1Gi       496Mi        35Mi       2.1Gi       2.3Gi

========2026. 02. 03. (화) 16:59:01 KST========
[디스크]
/dev/sr0        157M  157M     0 100% /media/user1/CDROM
[메모리]
Mem:           3.8Gi       1.1Gi       492Mi        35Mi       2.1Gi       2.3Gi

========2026. 02. 03. (화) 17:00:01 KST========
[디스크]
/dev/sr0        157M  157M     0 100% /media/user1/CDROM
[메모리]
Mem:           3.8Gi       1.1Gi       496Mi        35Mi       2.1Gi       2.3Gi

========2026. 02. 03. (화) 17:01:01 KST========
[디스크]
/dev/sr0        157M  157M     0 100% /media/user1/CDROM
[메모리]
Mem:           3.8Gi       1.1Gi       503Mi        35Mi       2.1Gi       2.4Gi

========2026. 02. 03. (화) 17:02:01 KST========
[디스크]
/dev/sr0        157M  157M     0 100% /media/user1/CDROM
[메모리]
Mem:           3.8Gi       1.1Gi       503Mi        35Mi       2.1Gi       2.4Gi

========2026. 02. 03. (화) 17:03:01 KST========
[디스크]
/dev/sr0        157M  157M     0 100% /media/user1/CDROM
[메모리]
Mem:           3.8Gi       1.1Gi       495Mi        35Mi       2.1Gi       2.3Gi

========2026. 02. 03. (화) 17:04:01 KST========
[디스크]
/dev/sr0        157M  157M     0 100% /media/user1/CDROM
[메모리]
Mem:           3.8Gi       1.1Gi       513Mi        26Mi       2.1Gi       2.4Gi

========2026. 02. 03. (화) 17:05:01 KST========
[디스크]
/dev/sr0        157M  157M     0 100% /media/user1/CDROM
[메모리]
Mem:           3.8Gi       1.1Gi       519Mi        26Mi       2.1Gi       2.4Gi

========2026. 02. 03. (화) 17:06:01 KST========
[디스크]
/dev/sr0        157M  157M     0 100% /media/user1/CDROM
[메모리]
Mem:           3.8Gi       1.1Gi       497Mi        31Mi       2.1Gi       2.3Gi

========2026. 02. 03. (화) 17:07:01 KST========
[디스크]
/dev/sr0        157M  157M     0 100% /media/user1/CDROM
[메모리]
Mem:           3.8Gi       1.1Gi       497Mi        31Mi       2.1Gi       2.3Gi

========2026. 02. 03. (화) 17:08:01 KST========
[디스크]
/dev/sr0        157M  157M     0 100% /media/user1/CDROM
[메모리]
Mem:           3.8Gi       1.1Gi       496Mi        31Mi       2.1Gi       2.3Gi

========2026. 02. 03. (화) 17:09:01 KST========
[디스크]
/dev/sr0        157M  157M     0 100% /media/user1/CDROM
[메모리]
Mem:           3.8Gi       1.1Gi       495Mi        31Mi       2.1Gi       2.3Gi

========2026. 02. 03. (화) 17:10:01 KST========
[디스크]
/dev/sr0        157M  157M     0 100% /media/user1/CDROM
[메모리]
Mem:           3.8Gi       1.1Gi       495Mi        31Mi       2.1Gi       2.3Gi

========2026. 02. 03. (화) 17:11:01 KST========
[디스크]
/dev/sr0        157M  157M     0 100% /media/user1/CDROM
[메모리]
Mem:           3.8Gi       1.1Gi       495Mi        31Mi       2.1Gi       2.3Gi

========2026. 02. 03. (화) 17:12:01 KST========
[디스크]
/dev/sr0        157M  157M     0 100% /media/user1/CDROM
[메모리]
Mem:           3.8Gi       1.1Gi       495Mi        31Mi       2.1Gi       2.3Gi

========2026. 02. 03. (화) 17:13:01 KST========
[디스크]
/dev/sr0        157M  157M     0 100% /media/user1/CDROM
[메모리]
Mem:           3.8Gi       1.1Gi       497Mi        31Mi       2.1Gi       2.3Gi

========2026. 02. 03. (화) 17:14:02 KST========
[디스크]
/dev/sr0        157M  157M     0 100% /media/user1/CDROM
[메모리]
Mem:           3.8Gi       1.1Gi       496Mi        31Mi       2.1Gi       2.3Gi

========2026. 02. 03. (화) 17:15:01 KST========
[디스크]
/dev/sr0        157M  157M     0 100% /media/user1/CDROM
[메모리]
Mem:           3.8Gi       1.1Gi       496Mi        31Mi       2.1Gi       2.3Gi

========2026. 02. 03. (화) 17:16:01 KST========
[디스크]
/dev/sr0        157M  157M     0 100% /media/user1/CDROM
[메모리]
Mem:           3.8Gi       1.1Gi       495Mi        31Mi       2.1Gi       2.3Gi

========2026. 02. 03. (화) 17:17:01 KST========
[디스크]
/dev/sr0        157M  157M     0 100% /media/user1/CDROM
[메모리]
Mem:           3.8Gi       1.1Gi       494Mi        31Mi       2.1Gi       2.3Gi

========2026. 02. 03. (화) 17:18:01 KST========
[디스크]
/dev/sr0        157M  157M     0 100% /media/user1/CDROM
[메모리]
Mem:           3.8Gi       1.1Gi       494Mi        31Mi       2.1Gi       2.3Gi

========2026. 02. 03. (화) 17:19:01 KST========
[디스크]
/dev/sr0        157M  157M     0 100% /media/user1/CDROM
[메모리]
Mem:           3.8Gi       1.2Gi       494Mi        26Mi       2.1Gi       2.3Gi

========2026. 02. 03. (화) 17:20:01 KST========
[디스크]
/dev/sr0        157M  157M     0 100% /media/user1/CDROM
[메모리]
Mem:           3.8Gi       1.1Gi       502Mi        26Mi       2.1Gi       2.4Gi

========2026. 02. 03. (화) 17:21:01 KST========
[디스크]
/dev/sr0        157M  157M     0 100% /media/user1/CDROM
[메모리]
Mem:           3.8Gi       1.2Gi       486Mi        31Mi       2.1Gi       2.3Gi

========2026. 02. 03. (화) 17:22:01 KST========
[디스크]
/dev/sr0        157M  157M     0 100% /media/user1/CDROM
[메모리]
Mem:           3.8Gi       1.2Gi       486Mi        31Mi       2.1Gi       2.3Gi

========2026. 02. 03. (화) 17:23:01 KST========
[디스크]
/dev/sr0        157M  157M     0 100% /media/user1/CDROM
[메모리]
Mem:           3.8Gi       1.2Gi       474Mi        31Mi       2.2Gi       2.3Gi

========2026. 02. 03. (화) 17:24:01 KST========
[디스크]
/dev/sr0        157M  157M     0 100% /media/user1/CDROM
[메모리]
Mem:           3.8Gi       1.1Gi       483Mi        31Mi       2.2Gi       2.3Gi

========2026. 02. 03. (화) 17:25:01 KST========
[디스크]
/dev/sr0        157M  157M     0 100% /media/user1/CDROM
[메모리]
Mem:           3.8Gi       1.1Gi       495Mi        31Mi       2.2Gi       2.4Gi

